
block                    n   cam slope  mod slope  slopeR   cam bias  mod bias     RMS   [mm, mm/mm or mm/deg]
arc:r211                 5      0.1557     0.1255   0.806      0.787     0.761    2.36
arc:r250                 5      0.1059     0.0890   0.841      0.483     0.640    1.74
arc:r290                 5      0.0698     0.0618   0.885     -0.031     0.508    1.15
arc (mean over 3 subgroups)                              0.844                         1.75
z:z                      5      0.0018     0.0001   0.072     -0.300     0.674    1.00
dipZ:pos+0               5     -0.4039    -0.1190   0.295      0.878     0.695    4.12
dipZ:pos+20              5     -0.3458    -0.1061   0.307      9.080     8.322    3.57
dipZ (mean over 2 subgroups)                              0.301                         3.84
dipY:pos+0               2     -0.0030    -0.0004   0.143     -0.142     0.690    0.83
dipY:pos+20              2     -0.1167    -0.0004   0.004      9.335     8.213    2.07
dipY (mean over 2 subgroups)                              0.074                         1.45
combined:r225_az-25      3     -0.1726    -0.1137   0.659    -11.012    -9.935    1.85
combined:r225_az+0       3     -0.5413    -0.1313   0.243      0.351     0.761    5.11
combined:r225_az+25      3     -0.4331    -0.1134   0.262     12.679    11.285    4.23
combined (mean over 3 subgroups)                              0.388                         3.73

=== distance-law check (arc block, multiple radii) ===
  baseline (no correction)      : RMS 1.82 mm
  A) moment/stiffness scale=1.20: RMS 0.89 mm
  B) magnet radial offset=-36.0 mm : RMS 1.16 mm  (negative = the magnet behaves as if CLOSER than the FK/T_tcp_magnet_pose6 says)
  -> better explained by a BEAM-MATERIAL scale than a magnet-distance offset.

wrote /home/jack/Proper-Research/calibration_2026-09-10/calib_sweep_20260911/calib_sweep.png  /home/jack/Proper-Research/calibration_2026-09-10/calib_sweep_20260911/summary.json
